
Running 98 tests using 4 workers

  ✓   1 [chromium] › tests/auth.spec.ts:29:5 › Backoffice - Authentication › BO-AUTH-003 - Credenciales invalidas muestran error @auth @backoffice (16.7s)
  ✓   2 [chromium] › tests/auth.spec.ts:23:5 › Backoffice - Authentication › BO-AUTH-002 - Login exitoso redirige a home @auth @backoffice (17.3s)
  ✓   5 [chromium] › tests/claims-detail.spec.ts:25:3 › Backoffice - Claim Detail › BO-DET-002 - Informacion del usuario visible @claims @backoffice (21.6s)
  ✓   6 [chromium] › tests/claims-detail.spec.ts:30:3 › Backoffice - Claim Detail › BO-DET-003 - Informacion del producto visible @claims @backoffice (22.0s)
  ✓   3 [chromium] › tests/auth.spec.ts:18:5 › Backoffice - Authentication › BO-AUTH-001 - Login carga correctamente @auth @backoffice (39.9s)
  ✓   4 [chromium] › tests/claims-detail.spec.ts:21:3 › Backoffice - Claim Detail › BO-DET-001 - Detalle carga correctamente @claims @backoffice (53.1s)
  ✓   8 [chromium] › tests/claims-detail.spec.ts:40:3 › Backoffice - Claim Detail › BO-DET-005 - Numero de reclamo visible @claims @backoffice (27.1s)
  ✓   7 [chromium] › tests/claims-detail.spec.ts:35:3 › Backoffice - Claim Detail › BO-DET-004 - Informacion del reclamo visible @claims @backoffice (38.4s)
  ✓  10 [chromium] › tests/claims-detail.spec.ts:62:3 › Backoffice - Claim Tabs › BO-TAB-001 - Tab Detalles visible por defecto @claims @backoffice (29.7s)
  ✘   9 [chromium] › tests/claims-detail.spec.ts:45:3 › Backoffice - Claim Detail › BO-DET-006 - Control para cambiar estado visible @claims @backoffice (45.1s)
  ✓  11 [chromium] › tests/claims-detail.spec.ts:68:3 › Backoffice - Claim Tabs › BO-TAB-002 - Cambiar a tab Notas @claims @backoffice (23.4s)
  ✓  12 [chromium] › tests/claims-detail.spec.ts:74:3 › Backoffice - Claim Tabs › BO-TAB-003 - Cambiar a tab Mensajes @claims @backoffice (23.6s)
  ✓  13 [chromium] › tests/claims-detail.spec.ts:80:3 › Backoffice - Claim Tabs › BO-TAB-004 - Cambiar a tab Archivos @claims @backoffice (23.8s)
  ✓  15 [chromium] › tests/claims-detail.spec.ts:105:3 › Backoffice - Tab Notas › BO-NOTA-001 - Numero de reclamo visible en Notas @claims @backoffice (24.6s)
  ✓  16 [chromium] › tests/claims-detail.spec.ts:111:3 › Backoffice - Tab Notas › BO-NOTA-002 - Staff asignado visible @claims @backoffice (26.1s)
  ✓  14 [chromium] › tests/claims-detail.spec.ts:86:3 › Backoffice - Claim Tabs › BO-TAB-005 - Cambiar a tab Historial @claims @backoffice (42.4s)
  ✓  17 [chromium] › tests/claims-detail.spec.ts:116:3 › Backoffice - Tab Notas › BO-NOTA-003 - Campo para escribir nota visible @claims @backoffice (25.3s)
  ✓  18 [chromium] › tests/claims-detail.spec.ts:121:3 › Backoffice - Tab Notas › BO-NOTA-004 - Boton Agregar nota visible @claims @backoffice (23.1s)
  ✓  19 [chromium] › tests/claims-detail.spec.ts:126:3 › Backoffice - Tab Notas › BO-NOTA-005 - Se puede escribir y guardar nota @claims @backoffice (24.1s)
  ✓  21 [chromium] › tests/claims-detail.spec.ts:150:3 › Backoffice - Tab Mensajes › BO-MSG-001 - Heading numero de reclamo visible @claims @backoffice (19.3s)
  ✓  20 [chromium] › tests/claims-detail.spec.ts:133:3 › Backoffice - Tab Notas › BO-NOTA-006 - Boton de formato Normal visible @claims @backoffice (24.4s)
  ✓  22 [chromium] › tests/claims-detail.spec.ts:155:3 › Backoffice - Tab Mensajes › BO-MSG-002 - Staff asignado visible en Mensajes @claims @backoffice (19.4s)
  ✓  23 [chromium] › tests/claims-detail.spec.ts:160:3 › Backoffice - Tab Mensajes › BO-MSG-003 - Contenido editable para escribir mensaje @claims @backoffice (23.2s)
  ✓  24 [chromium] › tests/claims-detail.spec.ts:180:3 › Backoffice - Tab Archivos › BO-FILE-001 - Tab Archivos carga correctamente @claims @backoffice (23.8s)
  ✓  26 [chromium] › tests/claims-detail.spec.ts:200:3 › Backoffice - Tab Historial › BO-HIST-001 - Historial carga correctamente @claims @backoffice (19.7s)
  ✓  25 [chromium] › tests/claims-detail.spec.ts:185:3 › Backoffice - Tab Archivos › BO-FILE-002 - Contenido o empty state visible @claims @backoffice (23.1s)
  ✓  27 [chromium] › tests/claims-detail.spec.ts:207:3 › Backoffice - Tab Historial › BO-HIST-002 - Fechas de eventos visibles @claims @backoffice (19.5s)
  ✓  28 [chromium] › tests/claims-detail.spec.ts:214:3 › Backoffice - Tab Historial › BO-HIST-003 - Transicion de estado visible @claims @backoffice (19.5s)
  ✓  29 [chromium] › tests/claims-detail.spec.ts:221:3 › Backoffice - Tab Historial › BO-HIST-004 - Multiples transiciones visibles @claims @backoffice (19.6s)
  ✓  30 [chromium] › tests/claims-detail.spec.ts:229:3 › Backoffice - Tab Historial › BO-HIST-005 - Sin opciones de editar en historial @claims @backoffice (19.7s)
  ✓  31 [chromium] › tests/claims-detail.spec.ts:236:3 › Backoffice - Tab Historial › BO-HIST-006 - Mensaje sin movimientos cuando no hay actividad @claims @backoffice (21.5s)
  ✓  33 [chromium] › tests/claims-list.spec.ts:25:3 › Backoffice - Claims List › BO-CLAIM-002 - Hay reclamos en la lista @claims @backoffice (19.2s)
  ✓  32 [chromium] › tests/claims-list.spec.ts:20:3 › Backoffice - Claims List › BO-CLAIM-001 - Lista de reclamos carga correctamente @claims @backoffice (38.1s)
  ✓  34 [chromium] › tests/claims-list.spec.ts:30:3 › Backoffice - Claims List › BO-CLAIM-003 - Buscador de reclamos visible @claims @backoffice (38.8s)
  ✓  35 [chromium] › tests/claims-list.spec.ts:35:3 › Backoffice - Claims List › BO-CLAIM-004 - Boton Exportar visible @claims @backoffice (21.5s)
  ✓  36 [chromium] › tests/claims-list.spec.ts:40:3 › Backoffice - Claims List › BO-CLAIM-005 - Buscar reclamo por numero @claims @backoffice (24.8s)
  ✘  38 [chromium] › tests/claims-list.spec.ts:54:3 › Backoffice - Claims List › BO-CLAIM-007 - Filtros por estado visibles @claims @backoffice (20.7s)
  ✓  37 [chromium] › tests/claims-list.spec.ts:46:3 › Backoffice - Claims List › BO-CLAIM-006 - Buscar reclamo inexistente muestra mensaje @claims @backoffice (25.4s)
  ✓  39 [chromium] › tests/claims-list.spec.ts:59:3 › Backoffice - Claims List › BO-CLAIM-008 - Filtro Rechazados muestra reclamos @claims @backoffice (24.1s)
  ✓  40 [chromium] › tests/claims-list.spec.ts:65:3 › Backoffice - Claims List › BO-CLAIM-009 - Filtro Finalizados muestra reclamos @claims @backoffice (22.2s)
  ✓  43 [chromium] › tests/claims-list.spec.ts:83:3 › Backoffice - Claims List › BO-CLAIM-012 - Paginador visible @claims @backoffice (20.4s)
  ✓  41 [chromium] › tests/claims-list.spec.ts:77:3 › Backoffice - Claims List › BO-CLAIM-011 - Volver a Todos muestra reclamos @claims @backoffice (23.5s)
  ✓  42 [chromium] › tests/claims-list.spec.ts:71:3 › Backoffice - Claims List › BO-CLAIM-010 - Filtro Cancelados muestra reclamos @claims @backoffice (22.7s)
  ✓  44 [chromium] › tests/claims-list.spec.ts:88:3 › Backoffice - Claims List › BO-CLAIM-013 - Cambiar cantidad de resultados por pagina @claims @backoffice (21.3s)
  ✓  45 [chromium] › tests/dashboard.spec.ts:23:5 › Backoffice - Dashboard › BO-DASH-001 - Dashboard carga correctamente @dashboard @backoffice (17.5s)
  ✓  47 [chromium] › tests/dashboard.spec.ts:35:5 › Backoffice - Dashboard › BO-DASH-003 - Menu de navegacion visible @dashboard @backoffice (17.4s)
  ✓  48 [chromium] › tests/dashboard.spec.ts:40:5 › Backoffice - Dashboard › BO-DASH-004 - Nombre de usuario logueado visible @dashboard @backoffice (17.9s)
  ✓  46 [chromium] › tests/dashboard.spec.ts:28:5 › Backoffice - Dashboard › BO-DASH-002 - Resumen general del sistema visible @dashboard @backoffice (24.6s)
  ✓  49 [chromium] › tests/dashboard.spec.ts:47:5 › Backoffice - Dashboard › BO-DASH-005 - Tarjetas de reclamos con cantidad visibles @dashboard @backoffice (17.4s)
  ✓  50 [chromium] › tests/dashboard.spec.ts:54:5 › Backoffice - Dashboard › BO-DASH-006 - Click en tarjeta navega a lista @dashboard @backoffice (20.4s)
  ✓  51 [chromium] › tests/dashboard.spec.ts:60:5 › Backoffice - Dashboard › BO-DASH-007 - Seccion Mis Datos visible @dashboard @backoffice (19.8s)
  ✓  52 [chromium] › tests/dashboard.spec.ts:65:5 › Backoffice - Dashboard › BO-DASH-008 - Grafica de reclamos visible @dashboard @backoffice (17.5s)
  ✓  55 [chromium] › tests/dashboard.spec.ts:81:5 › Backoffice - Dashboard › BO-DASH-011 - Seccion Mensajes sin leer visible @dashboard @backoffice (19.6s)
  ✓  54 [chromium] › tests/dashboard.spec.ts:75:5 › Backoffice - Dashboard › BO-DASH-010 - Boton Ver todo navega a lista @dashboard @backoffice (21.5s)
  ✓  53 [chromium] › tests/dashboard.spec.ts:70:5 › Backoffice - Dashboard › BO-DASH-009 - Seccion Ultimos Reclamos visible @dashboard @backoffice (34.5s)
  ✓  56 [chromium] › tests/dashboard.spec.ts:88:5 › Backoffice - Dashboard › BO-DASH-012 - Contador de mensajes sin leer visible @dashboard @backoffice (35.4s)
  ✓  57 [chromium] › tests/dashboard.spec.ts:95:5 › Backoffice - Dashboard › BO-DASH-013 - Boton Ver todo en Mensajes navega a lista @dashboard @backoffice (21.7s)
  ✓  58 [chromium] › tests/homepage.spec.ts:8:3 › Frontend - Homepage › FE-HOME-001 - Homepage carga correctamente @homepage @frontend (31.6s)
  ✓  60 [chromium] › tests/homepage.spec.ts:17:3 › Frontend - Homepage › FE-HOME-003 - Elementos del footer visibles @homepage @frontend (16.4s)
  ✓  61 [chromium] › tests/homepage.spec.ts:21:3 › Frontend - Homepage › FE-HOME-004 - Boton Iniciar Reclamo funcional @homepage @frontend (15.6s)
  ✓  59 [chromium] › tests/homepage.spec.ts:12:3 › Frontend - Homepage › FE-HOME-002 - Elementos del header visibles @homepage @frontend (31.0s)
  ✓  62 [chromium] › tests/homepage.spec.ts:26:3 › Frontend - Homepage › FE-HOME-005 - Banner de servicios visible @homepage @frontend (16.2s)
  ✓  63 [chromium] › tests/homepage.spec.ts:30:3 › Frontend - Homepage › FE-HOME-010 - Video player carga correctamente @homepage @frontend (15.5s)
  ✓  66 [chromium] › tests/initiate-claim.spec.ts:93:5 › Frontend - Iniciar Reclamo Aerolineas › FE-AERO-004 - Validar error en vuelos: aeropuertos iguales @aerolineas @frontend (43.5s)
  ✓  67 [chromium] › tests/initiate-claim.spec.ts:117:5 › Frontend - Iniciar Reclamo Aerolineas › FE-AERO-006 - Validar error en vuelos: email inválido @aerolineas @frontend (1.3m)
  ✓  68 [chromium] › tests/initiate-claim.spec.ts:143:5 › Frontend - Iniciar Reclamo Aerolineas › FE-AERO-009 - Validar error en Otros: empresa con menos de 3 caracteres @aerolineas @frontend (46.5s)
  ✓  64 [chromium] › tests/initiate-claim.spec.ts:12:5 › Frontend - Iniciar Reclamo Aerolineas › FE-AERO-001 - Iniciar reclamo y terminarlo con opcion aerolineas y vuelos @aerolineas @frontend (2.0m)
  ✓  65 [chromium] › tests/initiate-claim.spec.ts:49:5 › Frontend - Iniciar Reclamo Aerolineas › FE-OTRO-002 - Iniciar reclamo y terminarlo con opcion Otros @aerolineas @frontend (2.1m)
  ✓  69 [chromium] › tests/initiate-claim.spec.ts:165:5 › Frontend - Iniciar Reclamo Aerolineas › FE-AERO-010 - Validar error en Otros: email inválido en datos personales @aerolineas @frontend (1.3m)
  ✓  71 [chromium] › tests/initiate-claim.spec.ts:238:5 › Frontend - Iniciar Reclamo Aerolineas › FE-AERO-013 - Validar error: OTP inválido @aerolineas @frontend (1.6m)
  ✓  70 [chromium] › tests/initiate-claim.spec.ts:194:5 › Frontend - Iniciar Reclamo Aerolineas › FE-AERO-011 - Validar error en Otros: teléfono inválido en datos personales @aerolineas @frontend (2.0m)
